------------------------------------------------------------
TimeQuest Timing Analyzer Summary
------------------------------------------------------------

Type  : Slow 1200mV 85C Model Setup 'cb_inst|pll_inst|altpll_component|auto_generated|pll1|clk[0]'
Slack : 1.330
TNS   : 0.000

Type  : Slow 1200mV 85C Model Setup 'cb_inst|pll_inst2|altpll_component|auto_generated|pll1|clk[3]'
Slack : 3.032
TNS   : 0.000

Type  : Slow 1200mV 85C Model Setup 'cb_inst|pll_inst2|altpll_component|auto_generated|pll1|clk[4]'
Slack : 197.016
TNS   : 0.000

Type  : Slow 1200mV 85C Model Hold 'cb_inst|pll_inst2|altpll_component|auto_generated|pll1|clk[4]'
Slack : 0.306
TNS   : 0.000

Type  : Slow 1200mV 85C Model Hold 'cb_inst|pll_inst2|altpll_component|auto_generated|pll1|clk[3]'
Slack : 0.357
TNS   : 0.000

Type  : Slow 1200mV 85C Model Hold 'cb_inst|pll_inst|altpll_component|auto_generated|pll1|clk[0]'
Slack : 0.357
TNS   : 0.000

Type  : Slow 1200mV 85C Model Minimum Pulse Width 'cb_inst|pll_inst|altpll_component|auto_generated|pll1|clk[0]'
Slack : 2.253
TNS   : 0.000

Type  : Slow 1200mV 85C Model Minimum Pulse Width 'CLOCK_50'
Slack : 9.740
TNS   : 0.000

Type  : Slow 1200mV 85C Model Minimum Pulse Width 'cb_inst|pll_inst2|altpll_component|auto_generated|pll1|clk[4]'
Slack : 99.737
TNS   : 0.000

Type  : Slow 1200mV 85C Model Minimum Pulse Width 'cb_inst|pll_inst2|altpll_component|auto_generated|pll1|clk[3]'
Slack : 249.794
TNS   : 0.000

Type  : Slow 1200mV 0C Model Setup 'cb_inst|pll_inst|altpll_component|auto_generated|pll1|clk[0]'
Slack : 1.673
TNS   : 0.000

Type  : Slow 1200mV 0C Model Setup 'cb_inst|pll_inst2|altpll_component|auto_generated|pll1|clk[3]'
Slack : 3.241
TNS   : 0.000

Type  : Slow 1200mV 0C Model Setup 'cb_inst|pll_inst2|altpll_component|auto_generated|pll1|clk[4]'
Slack : 197.334
TNS   : 0.000

Type  : Slow 1200mV 0C Model Hold 'cb_inst|pll_inst2|altpll_component|auto_generated|pll1|clk[4]'
Slack : 0.299
TNS   : 0.000

Type  : Slow 1200mV 0C Model Hold 'cb_inst|pll_inst2|altpll_component|auto_generated|pll1|clk[3]'
Slack : 0.312
TNS   : 0.000

Type  : Slow 1200mV 0C Model Hold 'cb_inst|pll_inst|altpll_component|auto_generated|pll1|clk[0]'
Slack : 0.312
TNS   : 0.000

Type  : Slow 1200mV 0C Model Minimum Pulse Width 'cb_inst|pll_inst|altpll_component|auto_generated|pll1|clk[0]'
Slack : 2.248
TNS   : 0.000

Type  : Slow 1200mV 0C Model Minimum Pulse Width 'CLOCK_50'
Slack : 9.713
TNS   : 0.000

Type  : Slow 1200mV 0C Model Minimum Pulse Width 'cb_inst|pll_inst2|altpll_component|auto_generated|pll1|clk[4]'
Slack : 99.741
TNS   : 0.000

Type  : Slow 1200mV 0C Model Minimum Pulse Width 'cb_inst|pll_inst2|altpll_component|auto_generated|pll1|clk[3]'
Slack : 249.790
TNS   : 0.000

Type  : Fast 1200mV 0C Model Setup 'cb_inst|pll_inst|altpll_component|auto_generated|pll1|clk[0]'
Slack : 2.016
TNS   : 0.000

Type  : Fast 1200mV 0C Model Setup 'cb_inst|pll_inst2|altpll_component|auto_generated|pll1|clk[3]'
Slack : 3.814
TNS   : 0.000

Type  : Fast 1200mV 0C Model Setup 'cb_inst|pll_inst2|altpll_component|auto_generated|pll1|clk[4]'
Slack : 198.337
TNS   : 0.000

Type  : Fast 1200mV 0C Model Hold 'cb_inst|pll_inst2|altpll_component|auto_generated|pll1|clk[4]'
Slack : 0.156
TNS   : 0.000

Type  : Fast 1200mV 0C Model Hold 'cb_inst|pll_inst2|altpll_component|auto_generated|pll1|clk[3]'
Slack : 0.167
TNS   : 0.000

Type  : Fast 1200mV 0C Model Hold 'cb_inst|pll_inst|altpll_component|auto_generated|pll1|clk[0]'
Slack : 0.185
TNS   : 0.000

Type  : Fast 1200mV 0C Model Minimum Pulse Width 'cb_inst|pll_inst|altpll_component|auto_generated|pll1|clk[0]'
Slack : 2.268
TNS   : 0.000

Type  : Fast 1200mV 0C Model Minimum Pulse Width 'CLOCK_50'
Slack : 9.425
TNS   : 0.000

Type  : Fast 1200mV 0C Model Minimum Pulse Width 'cb_inst|pll_inst2|altpll_component|auto_generated|pll1|clk[4]'
Slack : 99.748
TNS   : 0.000

Type  : Fast 1200mV 0C Model Minimum Pulse Width 'cb_inst|pll_inst2|altpll_component|auto_generated|pll1|clk[3]'
Slack : 249.771
TNS   : 0.000

------------------------------------------------------------
