------------------------------------------------------------
TimeQuest Timing Analyzer Summary
------------------------------------------------------------

Type  : Slow 1200mV 85C Model Setup 'cb_inst|pll_inst2|altpll_component|auto_generated|pll1|clk[0]'
Slack : -0.778
TNS   : -1.995

Type  : Slow 1200mV 85C Model Setup 'cb_inst|pll_inst|altpll_component|auto_generated|pll1|clk[3]'
Slack : -0.665
TNS   : -1.629

Type  : Slow 1200mV 85C Model Setup 'cb_inst|pll_inst2|altpll_component|auto_generated|pll1|clk[2]'
Slack : -0.643
TNS   : -1.545

Type  : Slow 1200mV 85C Model Setup 'cb_inst|pll_inst|altpll_component|auto_generated|pll1|clk[2]'
Slack : -0.563
TNS   : -1.390

Type  : Slow 1200mV 85C Model Setup 'cb_inst|pll_inst|altpll_component|auto_generated|pll1|clk[1]'
Slack : -0.483
TNS   : -1.296

Type  : Slow 1200mV 85C Model Setup 'cb_inst|pll_inst2|altpll_component|auto_generated|pll1|clk[1]'
Slack : -0.399
TNS   : -0.935

Type  : Slow 1200mV 85C Model Setup 'cb_inst|pll_inst|altpll_component|auto_generated|pll1|clk[0]'
Slack : -0.273
TNS   : -0.273

Type  : Slow 1200mV 85C Model Setup 'cb_inst|pll_inst2|altpll_component|auto_generated|pll1|clk[3]'
Slack : -0.018
TNS   : -0.018

Type  : Slow 1200mV 85C Model Setup 'cb_inst|pll_inst|altpll_component|auto_generated|pll1|clk[4]'
Slack : 0.096
TNS   : 0.000

Type  : Slow 1200mV 85C Model Setup 'cb_inst|pll_inst2|altpll_component|auto_generated|pll1|clk[4]'
Slack : 196.770
TNS   : 0.000

Type  : Slow 1200mV 85C Model Hold 'cb_inst|pll_inst2|altpll_component|auto_generated|pll1|clk[4]'
Slack : 0.301
TNS   : 0.000

Type  : Slow 1200mV 85C Model Hold 'cb_inst|pll_inst2|altpll_component|auto_generated|pll1|clk[3]'
Slack : 0.342
TNS   : 0.000

Type  : Slow 1200mV 85C Model Hold 'cb_inst|pll_inst2|altpll_component|auto_generated|pll1|clk[0]'
Slack : 0.344
TNS   : 0.000

Type  : Slow 1200mV 85C Model Hold 'cb_inst|pll_inst2|altpll_component|auto_generated|pll1|clk[1]'
Slack : 0.344
TNS   : 0.000

Type  : Slow 1200mV 85C Model Hold 'cb_inst|pll_inst|altpll_component|auto_generated|pll1|clk[1]'
Slack : 0.344
TNS   : 0.000

Type  : Slow 1200mV 85C Model Hold 'cb_inst|pll_inst|altpll_component|auto_generated|pll1|clk[2]'
Slack : 0.344
TNS   : 0.000

Type  : Slow 1200mV 85C Model Hold 'cb_inst|pll_inst|altpll_component|auto_generated|pll1|clk[4]'
Slack : 0.344
TNS   : 0.000

Type  : Slow 1200mV 85C Model Hold 'cb_inst|pll_inst|altpll_component|auto_generated|pll1|clk[0]'
Slack : 0.357
TNS   : 0.000

Type  : Slow 1200mV 85C Model Hold 'cb_inst|pll_inst2|altpll_component|auto_generated|pll1|clk[2]'
Slack : 0.358
TNS   : 0.000

Type  : Slow 1200mV 85C Model Hold 'cb_inst|pll_inst|altpll_component|auto_generated|pll1|clk[3]'
Slack : 0.358
TNS   : 0.000

Type  : Slow 1200mV 85C Model Minimum Pulse Width 'cb_inst|pll_inst|altpll_component|auto_generated|pll1|clk[0]'
Slack : 2.252
TNS   : 0.000

Type  : Slow 1200mV 85C Model Minimum Pulse Width 'cb_inst|pll_inst|altpll_component|auto_generated|pll1|clk[1]'
Slack : 2.253
TNS   : 0.000

Type  : Slow 1200mV 85C Model Minimum Pulse Width 'cb_inst|pll_inst|altpll_component|auto_generated|pll1|clk[2]'
Slack : 2.253
TNS   : 0.000

Type  : Slow 1200mV 85C Model Minimum Pulse Width 'cb_inst|pll_inst|altpll_component|auto_generated|pll1|clk[4]'
Slack : 2.253
TNS   : 0.000

Type  : Slow 1200mV 85C Model Minimum Pulse Width 'cb_inst|pll_inst|altpll_component|auto_generated|pll1|clk[3]'
Slack : 2.254
TNS   : 0.000

Type  : Slow 1200mV 85C Model Minimum Pulse Width 'cb_inst|pll_inst2|altpll_component|auto_generated|pll1|clk[1]'
Slack : 2.255
TNS   : 0.000

Type  : Slow 1200mV 85C Model Minimum Pulse Width 'cb_inst|pll_inst2|altpll_component|auto_generated|pll1|clk[0]'
Slack : 2.256
TNS   : 0.000

Type  : Slow 1200mV 85C Model Minimum Pulse Width 'cb_inst|pll_inst2|altpll_component|auto_generated|pll1|clk[2]'
Slack : 2.257
TNS   : 0.000

Type  : Slow 1200mV 85C Model Minimum Pulse Width 'CLOCK_50'
Slack : 9.740
TNS   : 0.000

Type  : Slow 1200mV 85C Model Minimum Pulse Width 'cb_inst|pll_inst2|altpll_component|auto_generated|pll1|clk[4]'
Slack : 99.734
TNS   : 0.000

Type  : Slow 1200mV 85C Model Minimum Pulse Width 'cb_inst|pll_inst2|altpll_component|auto_generated|pll1|clk[3]'
Slack : 249.776
TNS   : 0.000

Type  : Slow 1200mV 0C Model Setup 'cb_inst|pll_inst2|altpll_component|auto_generated|pll1|clk[0]'
Slack : -0.581
TNS   : -1.432

Type  : Slow 1200mV 0C Model Setup 'cb_inst|pll_inst|altpll_component|auto_generated|pll1|clk[3]'
Slack : -0.528
TNS   : -1.265

Type  : Slow 1200mV 0C Model Setup 'cb_inst|pll_inst|altpll_component|auto_generated|pll1|clk[2]'
Slack : -0.470
TNS   : -1.117

Type  : Slow 1200mV 0C Model Setup 'cb_inst|pll_inst2|altpll_component|auto_generated|pll1|clk[2]'
Slack : -0.413
TNS   : -0.889

Type  : Slow 1200mV 0C Model Setup 'cb_inst|pll_inst|altpll_component|auto_generated|pll1|clk[1]'
Slack : -0.406
TNS   : -1.098

Type  : Slow 1200mV 0C Model Setup 'cb_inst|pll_inst2|altpll_component|auto_generated|pll1|clk[1]'
Slack : -0.223
TNS   : -0.424

Type  : Slow 1200mV 0C Model Setup 'cb_inst|pll_inst|altpll_component|auto_generated|pll1|clk[0]'
Slack : -0.159
TNS   : -0.159

Type  : Slow 1200mV 0C Model Setup 'cb_inst|pll_inst|altpll_component|auto_generated|pll1|clk[4]'
Slack : 0.181
TNS   : 0.000

Type  : Slow 1200mV 0C Model Setup 'cb_inst|pll_inst2|altpll_component|auto_generated|pll1|clk[3]'
Slack : 0.258
TNS   : 0.000

Type  : Slow 1200mV 0C Model Setup 'cb_inst|pll_inst2|altpll_component|auto_generated|pll1|clk[4]'
Slack : 197.097
TNS   : 0.000

Type  : Slow 1200mV 0C Model Hold 'cb_inst|pll_inst2|altpll_component|auto_generated|pll1|clk[4]'
Slack : 0.296
TNS   : 0.000

Type  : Slow 1200mV 0C Model Hold 'cb_inst|pll_inst2|altpll_component|auto_generated|pll1|clk[3]'
Slack : 0.298
TNS   : 0.000

Type  : Slow 1200mV 0C Model Hold 'cb_inst|pll_inst|altpll_component|auto_generated|pll1|clk[1]'
Slack : 0.300
TNS   : 0.000

Type  : Slow 1200mV 0C Model Hold 'cb_inst|pll_inst|altpll_component|auto_generated|pll1|clk[4]'
Slack : 0.300
TNS   : 0.000

Type  : Slow 1200mV 0C Model Hold 'cb_inst|pll_inst2|altpll_component|auto_generated|pll1|clk[0]'
Slack : 0.301
TNS   : 0.000

Type  : Slow 1200mV 0C Model Hold 'cb_inst|pll_inst2|altpll_component|auto_generated|pll1|clk[1]'
Slack : 0.301
TNS   : 0.000

Type  : Slow 1200mV 0C Model Hold 'cb_inst|pll_inst|altpll_component|auto_generated|pll1|clk[2]'
Slack : 0.301
TNS   : 0.000

Type  : Slow 1200mV 0C Model Hold 'cb_inst|pll_inst2|altpll_component|auto_generated|pll1|clk[2]'
Slack : 0.312
TNS   : 0.000

Type  : Slow 1200mV 0C Model Hold 'cb_inst|pll_inst|altpll_component|auto_generated|pll1|clk[0]'
Slack : 0.312
TNS   : 0.000

Type  : Slow 1200mV 0C Model Hold 'cb_inst|pll_inst|altpll_component|auto_generated|pll1|clk[3]'
Slack : 0.312
TNS   : 0.000

Type  : Slow 1200mV 0C Model Minimum Pulse Width 'cb_inst|pll_inst2|altpll_component|auto_generated|pll1|clk[1]'
Slack : 2.244
TNS   : 0.000

Type  : Slow 1200mV 0C Model Minimum Pulse Width 'cb_inst|pll_inst|altpll_component|auto_generated|pll1|clk[2]'
Slack : 2.245
TNS   : 0.000

Type  : Slow 1200mV 0C Model Minimum Pulse Width 'cb_inst|pll_inst2|altpll_component|auto_generated|pll1|clk[2]'
Slack : 2.246
TNS   : 0.000

Type  : Slow 1200mV 0C Model Minimum Pulse Width 'cb_inst|pll_inst|altpll_component|auto_generated|pll1|clk[0]'
Slack : 2.246
TNS   : 0.000

Type  : Slow 1200mV 0C Model Minimum Pulse Width 'cb_inst|pll_inst|altpll_component|auto_generated|pll1|clk[1]'
Slack : 2.246
TNS   : 0.000

Type  : Slow 1200mV 0C Model Minimum Pulse Width 'cb_inst|pll_inst2|altpll_component|auto_generated|pll1|clk[0]'
Slack : 2.247
TNS   : 0.000

Type  : Slow 1200mV 0C Model Minimum Pulse Width 'cb_inst|pll_inst|altpll_component|auto_generated|pll1|clk[4]'
Slack : 2.247
TNS   : 0.000

Type  : Slow 1200mV 0C Model Minimum Pulse Width 'cb_inst|pll_inst|altpll_component|auto_generated|pll1|clk[3]'
Slack : 2.249
TNS   : 0.000

Type  : Slow 1200mV 0C Model Minimum Pulse Width 'CLOCK_50'
Slack : 9.713
TNS   : 0.000

Type  : Slow 1200mV 0C Model Minimum Pulse Width 'cb_inst|pll_inst2|altpll_component|auto_generated|pll1|clk[4]'
Slack : 99.739
TNS   : 0.000

Type  : Slow 1200mV 0C Model Minimum Pulse Width 'cb_inst|pll_inst2|altpll_component|auto_generated|pll1|clk[3]'
Slack : 249.792
TNS   : 0.000

Type  : Fast 1200mV 0C Model Setup 'cb_inst|pll_inst|altpll_component|auto_generated|pll1|clk[1]'
Slack : -0.201
TNS   : -0.461

Type  : Fast 1200mV 0C Model Setup 'cb_inst|pll_inst|altpll_component|auto_generated|pll1|clk[2]'
Slack : -0.149
TNS   : -0.297

Type  : Fast 1200mV 0C Model Setup 'cb_inst|pll_inst|altpll_component|auto_generated|pll1|clk[3]'
Slack : -0.133
TNS   : -0.246

Type  : Fast 1200mV 0C Model Setup 'cb_inst|pll_inst2|altpll_component|auto_generated|pll1|clk[0]'
Slack : -0.105
TNS   : -0.198

Type  : Fast 1200mV 0C Model Setup 'cb_inst|pll_inst2|altpll_component|auto_generated|pll1|clk[2]'
Slack : 0.147
TNS   : 0.000

Type  : Fast 1200mV 0C Model Setup 'cb_inst|pll_inst2|altpll_component|auto_generated|pll1|clk[1]'
Slack : 0.234
TNS   : 0.000

Type  : Fast 1200mV 0C Model Setup 'cb_inst|pll_inst|altpll_component|auto_generated|pll1|clk[0]'
Slack : 0.275
TNS   : 0.000

Type  : Fast 1200mV 0C Model Setup 'cb_inst|pll_inst|altpll_component|auto_generated|pll1|clk[4]'
Slack : 0.403
TNS   : 0.000

Type  : Fast 1200mV 0C Model Setup 'cb_inst|pll_inst2|altpll_component|auto_generated|pll1|clk[3]'
Slack : 1.001
TNS   : 0.000

Type  : Fast 1200mV 0C Model Setup 'cb_inst|pll_inst2|altpll_component|auto_generated|pll1|clk[4]'
Slack : 198.250
TNS   : 0.000

Type  : Fast 1200mV 0C Model Hold 'cb_inst|pll_inst2|altpll_component|auto_generated|pll1|clk[4]'
Slack : 0.152
TNS   : 0.000

Type  : Fast 1200mV 0C Model Hold 'cb_inst|pll_inst2|altpll_component|auto_generated|pll1|clk[3]'
Slack : 0.176
TNS   : 0.000

Type  : Fast 1200mV 0C Model Hold 'cb_inst|pll_inst2|altpll_component|auto_generated|pll1|clk[0]'
Slack : 0.177
TNS   : 0.000

Type  : Fast 1200mV 0C Model Hold 'cb_inst|pll_inst2|altpll_component|auto_generated|pll1|clk[1]'
Slack : 0.177
TNS   : 0.000

Type  : Fast 1200mV 0C Model Hold 'cb_inst|pll_inst|altpll_component|auto_generated|pll1|clk[1]'
Slack : 0.178
TNS   : 0.000

Type  : Fast 1200mV 0C Model Hold 'cb_inst|pll_inst|altpll_component|auto_generated|pll1|clk[2]'
Slack : 0.178
TNS   : 0.000

Type  : Fast 1200mV 0C Model Hold 'cb_inst|pll_inst|altpll_component|auto_generated|pll1|clk[4]'
Slack : 0.178
TNS   : 0.000

Type  : Fast 1200mV 0C Model Hold 'cb_inst|pll_inst2|altpll_component|auto_generated|pll1|clk[2]'
Slack : 0.185
TNS   : 0.000

Type  : Fast 1200mV 0C Model Hold 'cb_inst|pll_inst|altpll_component|auto_generated|pll1|clk[0]'
Slack : 0.185
TNS   : 0.000

Type  : Fast 1200mV 0C Model Hold 'cb_inst|pll_inst|altpll_component|auto_generated|pll1|clk[3]'
Slack : 0.186
TNS   : 0.000

Type  : Fast 1200mV 0C Model Minimum Pulse Width 'cb_inst|pll_inst2|altpll_component|auto_generated|pll1|clk[1]'
Slack : 2.253
TNS   : 0.000

Type  : Fast 1200mV 0C Model Minimum Pulse Width 'cb_inst|pll_inst2|altpll_component|auto_generated|pll1|clk[0]'
Slack : 2.254
TNS   : 0.000

Type  : Fast 1200mV 0C Model Minimum Pulse Width 'cb_inst|pll_inst|altpll_component|auto_generated|pll1|clk[1]'
Slack : 2.254
TNS   : 0.000

Type  : Fast 1200mV 0C Model Minimum Pulse Width 'cb_inst|pll_inst|altpll_component|auto_generated|pll1|clk[2]'
Slack : 2.254
TNS   : 0.000

Type  : Fast 1200mV 0C Model Minimum Pulse Width 'cb_inst|pll_inst|altpll_component|auto_generated|pll1|clk[4]'
Slack : 2.254
TNS   : 0.000

Type  : Fast 1200mV 0C Model Minimum Pulse Width 'cb_inst|pll_inst2|altpll_component|auto_generated|pll1|clk[2]'
Slack : 2.268
TNS   : 0.000

Type  : Fast 1200mV 0C Model Minimum Pulse Width 'cb_inst|pll_inst|altpll_component|auto_generated|pll1|clk[0]'
Slack : 2.269
TNS   : 0.000

Type  : Fast 1200mV 0C Model Minimum Pulse Width 'cb_inst|pll_inst|altpll_component|auto_generated|pll1|clk[3]'
Slack : 2.269
TNS   : 0.000

Type  : Fast 1200mV 0C Model Minimum Pulse Width 'CLOCK_50'
Slack : 9.425
TNS   : 0.000

Type  : Fast 1200mV 0C Model Minimum Pulse Width 'cb_inst|pll_inst2|altpll_component|auto_generated|pll1|clk[4]'
Slack : 99.748
TNS   : 0.000

Type  : Fast 1200mV 0C Model Minimum Pulse Width 'cb_inst|pll_inst2|altpll_component|auto_generated|pll1|clk[3]'
Slack : 249.742
TNS   : 0.000

------------------------------------------------------------
