------------------------------------------------------------
TimeQuest Timing Analyzer Summary
------------------------------------------------------------

Type  : Slow 1200mV 85C Model Setup 'cb_inst|pll_inst|altpll_component|auto_generated|pll1|clk[0]'
Slack : -0.423
TNS   : -1.638

Type  : Slow 1200mV 85C Model Setup 'cb_inst|pll_inst|altpll_component|auto_generated|pll1|clk[1]'
Slack : -0.054
TNS   : -0.099

Type  : Slow 1200mV 85C Model Setup 'cb_inst|pll_inst2|altpll_component|auto_generated|pll1|clk[0]'
Slack : 0.476
TNS   : 0.000

Type  : Slow 1200mV 85C Model Setup 'cb_inst|pll_inst|altpll_component|auto_generated|pll1|clk[3]'
Slack : 0.518
TNS   : 0.000

Type  : Slow 1200mV 85C Model Setup 'cb_inst|pll_inst|altpll_component|auto_generated|pll1|clk[2]'
Slack : 0.556
TNS   : 0.000

Type  : Slow 1200mV 85C Model Setup 'cb_inst|pll_inst|altpll_component|auto_generated|pll1|clk[4]'
Slack : 1.601
TNS   : 0.000

Type  : Slow 1200mV 85C Model Hold 'cb_inst|pll_inst|altpll_component|auto_generated|pll1|clk[4]'
Slack : 0.322
TNS   : 0.000

Type  : Slow 1200mV 85C Model Hold 'cb_inst|pll_inst|altpll_component|auto_generated|pll1|clk[1]'
Slack : 0.342
TNS   : 0.000

Type  : Slow 1200mV 85C Model Hold 'cb_inst|pll_inst|altpll_component|auto_generated|pll1|clk[2]'
Slack : 0.344
TNS   : 0.000

Type  : Slow 1200mV 85C Model Hold 'cb_inst|pll_inst2|altpll_component|auto_generated|pll1|clk[0]'
Slack : 0.357
TNS   : 0.000

Type  : Slow 1200mV 85C Model Hold 'cb_inst|pll_inst|altpll_component|auto_generated|pll1|clk[0]'
Slack : 0.357
TNS   : 0.000

Type  : Slow 1200mV 85C Model Hold 'cb_inst|pll_inst|altpll_component|auto_generated|pll1|clk[3]'
Slack : 0.358
TNS   : 0.000

Type  : Slow 1200mV 85C Model Minimum Pulse Width 'cb_inst|pll_inst|altpll_component|auto_generated|pll1|clk[1]'
Slack : 2.253
TNS   : 0.000

Type  : Slow 1200mV 85C Model Minimum Pulse Width 'cb_inst|pll_inst|altpll_component|auto_generated|pll1|clk[0]'
Slack : 2.254
TNS   : 0.000

Type  : Slow 1200mV 85C Model Minimum Pulse Width 'cb_inst|pll_inst|altpll_component|auto_generated|pll1|clk[2]'
Slack : 2.291
TNS   : 0.000

Type  : Slow 1200mV 85C Model Minimum Pulse Width 'cb_inst|pll_inst|altpll_component|auto_generated|pll1|clk[3]'
Slack : 2.291
TNS   : 0.000

Type  : Slow 1200mV 85C Model Minimum Pulse Width 'CLOCK_50'
Slack : 9.740
TNS   : 0.000

Type  : Slow 1200mV 85C Model Minimum Pulse Width 'cb_inst|pll_inst|altpll_component|auto_generated|pll1|clk[4]'
Slack : 99.734
TNS   : 0.000

Type  : Slow 1200mV 85C Model Minimum Pulse Width 'cb_inst|pll_inst2|altpll_component|auto_generated|pll1|clk[0]'
Slack : 99.793
TNS   : 0.000

Type  : Slow 1200mV 0C Model Setup 'cb_inst|pll_inst|altpll_component|auto_generated|pll1|clk[0]'
Slack : -0.132
TNS   : -0.195

Type  : Slow 1200mV 0C Model Setup 'cb_inst|pll_inst|altpll_component|auto_generated|pll1|clk[1]'
Slack : 0.022
TNS   : 0.000

Type  : Slow 1200mV 0C Model Setup 'cb_inst|pll_inst|altpll_component|auto_generated|pll1|clk[2]'
Slack : 0.621
TNS   : 0.000

Type  : Slow 1200mV 0C Model Setup 'cb_inst|pll_inst|altpll_component|auto_generated|pll1|clk[3]'
Slack : 0.668
TNS   : 0.000

Type  : Slow 1200mV 0C Model Setup 'cb_inst|pll_inst2|altpll_component|auto_generated|pll1|clk[0]'
Slack : 0.682
TNS   : 0.000

Type  : Slow 1200mV 0C Model Setup 'cb_inst|pll_inst|altpll_component|auto_generated|pll1|clk[4]'
Slack : 1.694
TNS   : 0.000

Type  : Slow 1200mV 0C Model Hold 'cb_inst|pll_inst|altpll_component|auto_generated|pll1|clk[1]'
Slack : 0.298
TNS   : 0.000

Type  : Slow 1200mV 0C Model Hold 'cb_inst|pll_inst|altpll_component|auto_generated|pll1|clk[2]'
Slack : 0.300
TNS   : 0.000

Type  : Slow 1200mV 0C Model Hold 'cb_inst|pll_inst|altpll_component|auto_generated|pll1|clk[4]'
Slack : 0.311
TNS   : 0.000

Type  : Slow 1200mV 0C Model Hold 'cb_inst|pll_inst2|altpll_component|auto_generated|pll1|clk[0]'
Slack : 0.312
TNS   : 0.000

Type  : Slow 1200mV 0C Model Hold 'cb_inst|pll_inst|altpll_component|auto_generated|pll1|clk[0]'
Slack : 0.312
TNS   : 0.000

Type  : Slow 1200mV 0C Model Hold 'cb_inst|pll_inst|altpll_component|auto_generated|pll1|clk[3]'
Slack : 0.312
TNS   : 0.000

Type  : Slow 1200mV 0C Model Minimum Pulse Width 'cb_inst|pll_inst|altpll_component|auto_generated|pll1|clk[1]'
Slack : 2.241
TNS   : 0.000

Type  : Slow 1200mV 0C Model Minimum Pulse Width 'cb_inst|pll_inst|altpll_component|auto_generated|pll1|clk[0]'
Slack : 2.247
TNS   : 0.000

Type  : Slow 1200mV 0C Model Minimum Pulse Width 'cb_inst|pll_inst|altpll_component|auto_generated|pll1|clk[2]'
Slack : 2.290
TNS   : 0.000

Type  : Slow 1200mV 0C Model Minimum Pulse Width 'cb_inst|pll_inst|altpll_component|auto_generated|pll1|clk[3]'
Slack : 2.291
TNS   : 0.000

Type  : Slow 1200mV 0C Model Minimum Pulse Width 'CLOCK_50'
Slack : 9.713
TNS   : 0.000

Type  : Slow 1200mV 0C Model Minimum Pulse Width 'cb_inst|pll_inst|altpll_component|auto_generated|pll1|clk[4]'
Slack : 99.739
TNS   : 0.000

Type  : Slow 1200mV 0C Model Minimum Pulse Width 'cb_inst|pll_inst2|altpll_component|auto_generated|pll1|clk[0]'
Slack : 99.788
TNS   : 0.000

Type  : Fast 1200mV 0C Model Setup 'cb_inst|pll_inst|altpll_component|auto_generated|pll1|clk[1]'
Slack : 0.243
TNS   : 0.000

Type  : Fast 1200mV 0C Model Setup 'cb_inst|pll_inst|altpll_component|auto_generated|pll1|clk[2]'
Slack : 0.864
TNS   : 0.000

Type  : Fast 1200mV 0C Model Setup 'cb_inst|pll_inst|altpll_component|auto_generated|pll1|clk[0]'
Slack : 0.871
TNS   : 0.000

Type  : Fast 1200mV 0C Model Setup 'cb_inst|pll_inst|altpll_component|auto_generated|pll1|clk[3]'
Slack : 1.098
TNS   : 0.000

Type  : Fast 1200mV 0C Model Setup 'cb_inst|pll_inst2|altpll_component|auto_generated|pll1|clk[0]'
Slack : 1.325
TNS   : 0.000

Type  : Fast 1200mV 0C Model Setup 'cb_inst|pll_inst|altpll_component|auto_generated|pll1|clk[4]'
Slack : 1.995
TNS   : 0.000

Type  : Fast 1200mV 0C Model Hold 'cb_inst|pll_inst2|altpll_component|auto_generated|pll1|clk[0]'
Slack : 0.077
TNS   : 0.000

Type  : Fast 1200mV 0C Model Hold 'cb_inst|pll_inst|altpll_component|auto_generated|pll1|clk[4]'
Slack : 0.155
TNS   : 0.000

Type  : Fast 1200mV 0C Model Hold 'cb_inst|pll_inst|altpll_component|auto_generated|pll1|clk[1]'
Slack : 0.177
TNS   : 0.000

Type  : Fast 1200mV 0C Model Hold 'cb_inst|pll_inst|altpll_component|auto_generated|pll1|clk[2]'
Slack : 0.177
TNS   : 0.000

Type  : Fast 1200mV 0C Model Hold 'cb_inst|pll_inst|altpll_component|auto_generated|pll1|clk[0]'
Slack : 0.185
TNS   : 0.000

Type  : Fast 1200mV 0C Model Hold 'cb_inst|pll_inst|altpll_component|auto_generated|pll1|clk[3]'
Slack : 0.185
TNS   : 0.000

Type  : Fast 1200mV 0C Model Minimum Pulse Width 'cb_inst|pll_inst|altpll_component|auto_generated|pll1|clk[0]'
Slack : 2.239
TNS   : 0.000

Type  : Fast 1200mV 0C Model Minimum Pulse Width 'cb_inst|pll_inst|altpll_component|auto_generated|pll1|clk[1]'
Slack : 2.242
TNS   : 0.000

Type  : Fast 1200mV 0C Model Minimum Pulse Width 'cb_inst|pll_inst|altpll_component|auto_generated|pll1|clk[2]'
Slack : 2.255
TNS   : 0.000

Type  : Fast 1200mV 0C Model Minimum Pulse Width 'cb_inst|pll_inst|altpll_component|auto_generated|pll1|clk[3]'
Slack : 2.269
TNS   : 0.000

Type  : Fast 1200mV 0C Model Minimum Pulse Width 'CLOCK_50'
Slack : 9.425
TNS   : 0.000

Type  : Fast 1200mV 0C Model Minimum Pulse Width 'cb_inst|pll_inst|altpll_component|auto_generated|pll1|clk[4]'
Slack : 99.748
TNS   : 0.000

Type  : Fast 1200mV 0C Model Minimum Pulse Width 'cb_inst|pll_inst2|altpll_component|auto_generated|pll1|clk[0]'
Slack : 99.769
TNS   : 0.000

------------------------------------------------------------
